✗ check:audit-gates-wiring exit=null :: 
✗ check:line-endings exit=null :: 
✗ check:demo-video-format exit=null :: 
✗ check:uat-consumers exit=null :: 
✗ check:feature-flags exit=null :: 
✗ check:mp-unit-tests-wired exit=null :: 
✗ check:android-tests-wired exit=null :: 
✗ check:edge-cloud-mqtt-contract exit=null :: 
✗ check:ops-alert-escalation exit=null :: 
✗ check:docker-tests-guarded exit=null :: 
✗ check:compose-stop-grace exit=null :: 
✗ check:menu-permissions exit=null :: 
✗ check:compose-ports exit=null :: 
✗ check:mybatis-null-clear exit=null :: 
✗ check:ops-alert-channels exit=null :: 
✗ check:miniapp-privacy-declaration exit=null :: 
✗ check:prometheus-metric-names exit=null :: 
✗ check:replenishment-checkin-contract exit=null :: 
✗ check:edge-queue-threading exit=null :: 
✗ check:admin-dialog-a11y exit=null :: 
✗ check:scheduled-zone exit=null :: 
✗ check:cache-names exit=null :: 
✗ check:admin-endpoints exit=null :: 
✗ check:admin-token-storage exit=null :: 
✗ check:admin-page-size exit=null :: 
✗ check:admin-anti-jitter exit=null :: 
✗ check:admin-table-align exit=null :: 
✗ check:mp-a11y exit=null :: 
✗ check:balance-hold-types exit=null :: 
✗ check:uat-selectors exit=null :: 
✗ check:device-code-input exit=null :: 
✗ check:xxl-job-wiring exit=null :: 
✗ check:scheduled-task-seed exit=null :: 
✗ check:scheduling-vs-db-pool exit=null :: 

[run-audit-gates] 聚合链 34 个门禁，失败 34 个
