[WARNING] 
[WARNING] Some problems were encountered while building the effective settings
[WARNING] Unrecognised tag: 'repositories' (position: START_TAG seen ...</profile>\n    -->\n\t\n<repositories>... @234:15)  @ D:\devTools\apache-maven-3.9.11\conf\settings.xml, line 234, column 15
[WARNING] 
[INFO] Scanning for projects...
[INFO] ------------------------------------------------------------------------
[INFO] Reactor Build Order:
[INFO] 
[INFO] AI Cabinet                                                         [pom]
[INFO] common-core                                                        [jar]
[INFO] trade-service                                                      [jar]
[INFO] 
[INFO] ----------------------< com.aicabinet:ai-cabinet >----------------------
[INFO] Building AI Cabinet 0.1.0-SNAPSHOT                                 [1/3]
[INFO]   from pom.xml
[INFO] --------------------------------[ pom ]---------------------------------
[INFO] 
[INFO] --- clean:3.2.0:clean (default-clean) @ ai-cabinet ---
[INFO] 
[INFO] --- jacoco:0.8.12:prepare-agent (prepare-agent) @ ai-cabinet ---
[INFO] argLine set to -javaagent:D:\\devTools\\repository\\org\\jacoco\\org.jacoco.agent\\0.8.12\\org.jacoco.agent-0.8.12-runtime.jar=destfile=C:\\Users\\cwx\\OneDrive\\Desktop\\demo\\ai-cabinet\\target\\jacoco.exec
[INFO] 
[INFO] --- jacoco:0.8.12:report (report) @ ai-cabinet ---
[INFO] Skipping JaCoCo execution due to missing execution data file.
[INFO] 
[INFO] ---------------------< com.aicabinet:common-core >----------------------
[INFO] Building common-core 0.1.0-SNAPSHOT                                [2/3]
[INFO]   from services\common\common-core\pom.xml
[INFO] --------------------------------[ jar ]---------------------------------
[INFO] 
[INFO] --- clean:3.2.0:clean (default-clean) @ common-core ---
[INFO] Deleting C:\Users\cwx\OneDrive\Desktop\demo\ai-cabinet\services\common\common-core\target
[INFO] 
[INFO] --- jacoco:0.8.12:prepare-agent (prepare-agent) @ common-core ---
[INFO] argLine set to -javaagent:D:\\devTools\\repository\\org\\jacoco\\org.jacoco.agent\\0.8.12\\org.jacoco.agent-0.8.12-runtime.jar=destfile=C:\\Users\\cwx\\OneDrive\\Desktop\\demo\\ai-cabinet\\services\\common\\common-core\\target\\jacoco.exec
[INFO] 
[INFO] --- resources:3.3.1:resources (default-resources) @ common-core ---
[INFO] skip non existing resourceDirectory C:\Users\cwx\OneDrive\Desktop\demo\ai-cabinet\services\common\common-core\src\main\resources
[INFO] 
[INFO] --- compiler:3.13.0:compile (default-compile) @ common-core ---
[INFO] Recompiling the module because of changed source code.
[INFO] Compiling 384 source files with javac [debug parameters target 17] to target\classes
[INFO] 
[INFO] --- resources:3.3.1:testResources (default-testResources) @ common-core ---
[INFO] skip non existing resourceDirectory C:\Users\cwx\OneDrive\Desktop\demo\ai-cabinet\services\common\common-core\src\test\resources
[INFO] 
[INFO] --- compiler:3.13.0:testCompile (default-testCompile) @ common-core ---
[INFO] No sources to compile
[INFO] 
[INFO] --- surefire:3.5.4:test (default-test) @ common-core ---
[INFO] No tests to run.
[INFO] 
[INFO] --- jacoco:0.8.12:report (report) @ common-core ---
[INFO] Skipping JaCoCo execution due to missing execution data file.
[INFO] 
[INFO] --------------------< com.aicabinet:trade-service >---------------------
[INFO] Building trade-service 0.1.0-SNAPSHOT                              [3/3]
[INFO]   from services\trade-service\pom.xml
[INFO] --------------------------------[ jar ]---------------------------------
[INFO] 
[INFO] --- clean:3.2.0:clean (default-clean) @ trade-service ---
[INFO] Deleting C:\Users\cwx\OneDrive\Desktop\demo\ai-cabinet\services\trade-service\target
[INFO] 
[INFO] --- jacoco:0.8.12:prepare-agent (prepare-agent) @ trade-service ---
[INFO] argLine set to -javaagent:D:\\devTools\\repository\\org\\jacoco\\org.jacoco.agent\\0.8.12\\org.jacoco.agent-0.8.12-runtime.jar=destfile=C:\\Users\\cwx\\OneDrive\\Desktop\\demo\\ai-cabinet\\services\\trade-service\\target\\jacoco.exec
[INFO] 
[INFO] --- frontend:1.15.1:install-node-and-pnpm (install-node-and-pnpm) @ trade-service ---
[INFO] Skipping execution.
[INFO] 
[INFO] --- frontend:1.15.1:pnpm (pnpm-install-admin) @ trade-service ---
[INFO] Skipping execution.
[INFO] 
[INFO] --- frontend:1.15.1:pnpm (pnpm-build-admin) @ trade-service ---
[INFO] Skipping execution.
[INFO] 
[INFO] --- resources:3.3.1:resources (default-resources) @ trade-service ---
[INFO] Copying 538 resources from src\main\resources to target\classes
[INFO] 
[INFO] --- compiler:3.13.0:compile (default-compile) @ trade-service ---
[INFO] Recompiling the module because of changed dependency.
[INFO] Compiling 705 source files with javac [debug parameters target 17] to target\classes
[INFO] /C:/Users/cwx/OneDrive/Desktop/demo/ai-cabinet/services/trade-service/src/main/java/com/aicabinet/trade/config/RedissonConfig.java: C:\Users\cwx\OneDrive\Desktop\demo\ai-cabinet\services\trade-service\src\main\java\com\aicabinet\trade\config\RedissonConfig.java使用或覆盖了已过时的 API。
[INFO] /C:/Users/cwx/OneDrive/Desktop/demo/ai-cabinet/services/trade-service/src/main/java/com/aicabinet/trade/config/RedissonConfig.java: 有关详细信息, 请使用 -Xlint:deprecation 重新编译。
[INFO] /C:/Users/cwx/OneDrive/Desktop/demo/ai-cabinet/services/trade-service/src/main/java/com/aicabinet/trade/config/OrderReadModelOpenApiCustomizer.java: C:\Users\cwx\OneDrive\Desktop\demo\ai-cabinet\services\trade-service\src\main\java\com\aicabinet\trade\config\OrderReadModelOpenApiCustomizer.java使用了未经检查或不安全的操作。
[INFO] /C:/Users/cwx/OneDrive/Desktop/demo/ai-cabinet/services/trade-service/src/main/java/com/aicabinet/trade/config/OrderReadModelOpenApiCustomizer.java: 有关详细信息, 请使用 -Xlint:unchecked 重新编译。
[INFO] 
[INFO] --- resources:3.3.1:testResources (default-testResources) @ trade-service ---
[INFO] Copying 1 resource from src\test\resources to target\test-classes
[INFO] 
[INFO] --- compiler:3.13.0:testCompile (default-testCompile) @ trade-service ---
[INFO] Recompiling the module because of changed dependency.
[INFO] Compiling 274 source files with javac [debug parameters target 17] to target\test-classes
[WARNING] /C:/Users/cwx/OneDrive/Desktop/demo/ai-cabinet/services/trade-service/src/test/java/com/aicabinet/trade/e2e/ConsumerE2ETest.java:[78,6] org.springframework.boot.test.mock.mockito 中的 org.springframework.boot.test.mock.mockito.MockBean 已过时, 且标记为待删除
[WARNING] /C:/Users/cwx/OneDrive/Desktop/demo/ai-cabinet/services/trade-service/src/test/java/com/aicabinet/trade/e2e/ConsumerE2ETest.java:[78,6] org.springframework.boot.test.mock.mockito 中的 org.springframework.boot.test.mock.mockito.MockBean 已过时, 且标记为待删除
[WARNING] /C:/Users/cwx/OneDrive/Desktop/demo/ai-cabinet/services/trade-service/src/test/java/com/aicabinet/trade/e2e/ConsumerE2ETest.java:[78,6] org.springframework.boot.test.mock.mockito 中的 org.springframework.boot.test.mock.mockito.MockBean 已过时, 且标记为待删除
[WARNING] /C:/Users/cwx/OneDrive/Desktop/demo/ai-cabinet/services/trade-service/src/test/java/com/aicabinet/trade/e2e/ConsumerE2ETest.java:[78,6] org.springframework.boot.test.mock.mockito 中的 org.springframework.boot.test.mock.mockito.MockBean 已过时, 且标记为待删除
[WARNING] /C:/Users/cwx/OneDrive/Desktop/demo/ai-cabinet/services/trade-service/src/test/java/com/aicabinet/trade/e2e/ConsumerE2ETest.java:[78,6] org.springframework.boot.test.mock.mockito 中的 org.springframework.boot.test.mock.mockito.MockBean 已过时, 且标记为待删除
[INFO] /C:/Users/cwx/OneDrive/Desktop/demo/ai-cabinet/services/trade-service/src/test/java/com/aicabinet/trade/config/SchedulingPoolCapacitySelfCheckTest.java: 某些输入文件使用了未经检查或不安全的操作。
[INFO] /C:/Users/cwx/OneDrive/Desktop/demo/ai-cabinet/services/trade-service/src/test/java/com/aicabinet/trade/config/SchedulingPoolCapacitySelfCheckTest.java: 有关详细信息, 请使用 -Xlint:unchecked 重新编译。
[INFO] 
[INFO] --- surefire:3.5.4:test (default-test) @ trade-service ---
[INFO] Using auto detected provider org.apache.maven.surefire.junitplatform.JUnitPlatformProvider
[INFO] 
[INFO] -------------------------------------------------------
[INFO]  T E S T S
[INFO] -------------------------------------------------------
[INFO] Running com.aicabinet.trade.service.OpsAlertDispatcherTest
mvn.cmd : Java HotSpot(TM) 64-Bit Server VM warning: Sharing is only supported for boot loader classes because bootstra
p classpath has been appended
所在位置 行:446 字符: 1
+ & mvn '-pl' 'services/trade-service' '-am' 'clean' 'test' '-Dtest=Ops ...
+ ~~~~~~~~~~~~~~~~~~~~~~~~~~~~~~~~~~~~~~~~~~~~~~~~~~~~~~~~~~~~~~~~~~~~~
    + CategoryInfo          : NotSpecified: (Java HotSpot(TM...s been appended:String) [], RemoteException
    + FullyQualifiedErrorId : NativeCommandError
 
23:06:01.073 [main] WARN com.aicabinet.trade.service.OpsAlertDispatcher -- ops alert transport error channel=FEISHU type=DEVICE_OFFLINE url=https://open...hook/abc attempt=1/3: connection reset - retrying
23:06:01.355 [main] INFO com.aicabinet.trade.service.OpsAlertDispatcher -- ops alert sent channel=FEISHU type=DEVICE_OFFLINE attempts=2
23:06:01.519 [main] WARN com.aicabinet.trade.service.OpsAlertDispatcher -- ops alert transport error channel=FEISHU type=DEVICE_OFFLINE url=https://open...hook/abc attempt=1/3: connection reset - retrying
23:06:01.736 [main] WARN com.aicabinet.trade.service.OpsAlertDispatcher -- ops alert transport error channel=FEISHU type=DEVICE_OFFLINE url=https://open...hook/abc attempt=2/3: connection reset - retrying
23:06:02.139 [main] WARN com.aicabinet.trade.service.OpsAlertDispatcher -- ops alert failed channel=FEISHU type=DEVICE_OFFLINE url=https://open...hook/abc attempts=3: connection reset
23:06:02.168 [main] INFO com.aicabinet.trade.service.OpsAlertDispatcher -- ops alert sent channel=WECOM type=DEVICE_OFFLINE attempts=1
23:06:02.227 [main] INFO com.aicabinet.trade.service.OpsAlertDispatcher -- ops alert sent channel=FEISHU type=DEVICE_OFFLINE attempts=1
23:06:02.377 [main] INFO com.aicabinet.trade.service.OpsAlertDispatcher -- ops alert sent channel=WEBHOOK type=DISPUTE_SLA_OVERDUE attempts=1
23:06:02.429 [main] INFO com.aicabinet.trade.service.OpsAlertDispatcher -- ops alert sent channel=WEBHOOK type=DISPUTE_SLA_REMINDER attempts=1
23:06:02.455 [main] WARN com.aicabinet.trade.service.OpsAlertDispatcher -- ops alert rejected channel=DINGTALK type=DEVICE_OFFLINE url=https://oapi...oken=abc: errcode=310000 keywords not in content
23:06:02.509 [main] WARN com.aicabinet.trade.service.OpsAlertDispatcher -- ops alert transport error channel=FEISHU type=ALERT_CHANNEL_TEST url=https://open...hook/abc attempt=1/3: connection reset - retrying
23:06:02.734 [main] WARN com.aicabinet.trade.service.OpsAlertDispatcher -- ops alert rejected channel=FEISHU type=DEVICE_OFFLINE url=https://open...hook/abc: code=9499 Bad Request
23:06:02.753 [main] WARN com.aicabinet.trade.service.OpsAlertDispatcher -- ops alert transport error channel=FEISHU type=DEVICE_OFFLINE url=https://open...hook/abc attempt=1/3: connection refused - retrying
23:06:02.968 [main] WARN com.aicabinet.trade.service.OpsAlertDispatcher -- ops alert transport error channel=FEISHU type=DEVICE_OFFLINE url=https://open...hook/abc attempt=2/3: connection refused - retrying
23:06:03.374 [main] WARN com.aicabinet.trade.service.OpsAlertDispatcher -- ops alert failed channel=FEISHU type=DEVICE_OFFLINE url=https://open...hook/abc attempts=3: connection refused
23:06:03.410 [main] WARN com.aicabinet.trade.service.OpsAlertDispatcher -- ops alert transport error channel=FEISHU type=DEVICE_OFFLINE url=https://open...hook/abc attempt=1/3: 500 INTERNAL_SERVER_ERROR - retrying
23:06:03.622 [main] WARN com.aicabinet.trade.service.OpsAlertDispatcher -- ops alert transport error channel=FEISHU type=DEVICE_OFFLINE url=https://open...hook/abc attempt=2/3: 500 INTERNAL_SERVER_ERROR - retrying
23:06:04.024 [main] WARN com.aicabinet.trade.service.OpsAlertDispatcher -- ops alert failed channel=FEISHU type=DEVICE_OFFLINE url=https://open...hook/abc attempts=3: 500 INTERNAL_SERVER_ERROR
23:06:04.035 [main] WARN com.aicabinet.trade.service.OpsAlertDispatcher -- ops alert rejected channel=FEISHU type=DEVICE_OFFLINE url=https://open...hook/abc: code=19024 Key Words Not Found
23:06:04.068 [main] INFO com.aicabinet.trade.service.OpsAlertDispatcher -- ops alert sent channel=FEISHU type=DEVICE_OFFLINE attempts=1
23:06:04.083 [main] WARN com.aicabinet.trade.service.OpsAlertDispatcher -- ops alert failed channel=FEISHU type=DEVICE_OFFLINE url=https://open...hook/abc attempts=1: 404 NOT_FOUND
23:06:04.117 [main] WARN com.aicabinet.trade.service.OpsAlertDispatcher -- ops alert rejected channel=FEISHU type=DEVICE_OFFLINE url=https://open...hook/abc: code=19024 Key Words Not Found
23:06:04.127 [main] INFO com.aicabinet.trade.service.OpsAlertDispatcher -- ops alert sent channel=DINGTALK type=DISPUTE_SLA_REMINDER attempts=1
[INFO] Tests run: 30, Failures: 0, Errors: 0, Skipped: 0, Time elapsed: 13.44 s -- in com.aicabinet.trade.service.OpsAlertDispatcherTest
[INFO] 
[INFO] Results:
[INFO] 
[INFO] Tests run: 30, Failures: 0, Errors: 0, Skipped: 0
[INFO] 
[INFO] 
[INFO] --- jacoco:0.8.12:report (report) @ trade-service ---
[INFO] Loading execution data file C:\Users\cwx\OneDrive\Desktop\demo\ai-cabinet\services\trade-service\target\jacoco.exec
[INFO] Analyzed bundle 'trade-service' with 850 classes
[INFO] ------------------------------------------------------------------------
[INFO] Reactor Summary for AI Cabinet 0.1.0-SNAPSHOT:
[INFO] 
[INFO] AI Cabinet ......................................... SUCCESS [  0.306 s]
[INFO] common-core ........................................ SUCCESS [ 53.079 s]
[INFO] trade-service ...................................... SUCCESS [04:15 min]
[INFO] ------------------------------------------------------------------------
[INFO] BUILD SUCCESS
[INFO] ------------------------------------------------------------------------
[INFO] Total time:  05:08 min
[INFO] Finished at: 2026-09-18T23:06:46+08:00
[INFO] ------------------------------------------------------------------------
EXITCODE=0
