== 同步源码到 C:/Users/cwx/AppData/Local/Temp/aicabinet-android-stop（排除 .gradle/build，避免旧产物假绿）==
== gradle :app:testMockDebugUnitTest --tests=com.aicabinet.edge.service.ServiceShutdownTest（入口 /c/Users/cwx/.gradle/wrapper/dists/gradle-8.9-bin/90cnw93cvbtalezasaz0blq0a/gradle-8.9/bin/gradle.bat）==
Starting a Gradle Daemon, 1 busy and 3 incompatible and 4 stopped Daemons could not be reused, use --status for details
> Task :app:checkKotlinGradlePluginConfigurationErrors
> Task :app:preBuild UP-TO-DATE
> Task :app:preMockDebugBuild UP-TO-DATE
> Task :app:generateMockDebugResValues
> Task :app:dataBindingMergeDependencyArtifactsMockDebug
> Task :app:generateMockDebugResources
> Task :app:packageMockDebugResources
> Task :app:generateMockDebugBuildConfig
> Task :app:parseMockDebugLocalResources
> Task :app:mapMockDebugSourceSetPaths
> Task :app:createMockDebugCompatibleScreenManifests
> Task :app:checkMockDebugAarMetadata
> Task :app:extractDeepLinksMockDebug
> Task :app:mergeMockDebugResources
> Task :app:processMockDebugMainManifest
> Task :app:dataBindingGenBaseClassesMockDebug
> Task :app:processMockDebugManifest
> Task :app:preMockDebugUnitTestBuild UP-TO-DATE
> Task :app:javaPreCompileMockDebug
> Task :app:javaPreCompileMockDebugUnitTest
> Task :app:processMockDebugManifestForPackage
> Task :app:processMockDebugResources

> Task :app:compileMockDebugKotlin FAILED
e: file:///C:/Users/cwx/AppData/Local/Temp/aicabinet-android-stop/app/src/main/java/com/aicabinet/edge/service/CabinetService.kt:21:5 This property must either have a type annotation, be initialized or be delegated

FAILURE: Build failed with an exception.

* What went wrong:
Execution failed for task ':app:compileMockDebugKotlin'.
> A failure occurred while executing org.jetbrains.kotlin.compilerRunner.GradleCompilerRunnerWithWorkers$GradleKotlinCompilerWorkAction
   > Compilation error. See log for more details

* Try:
> Run with --stacktrace option to get the stack trace.
> Run with --info or --debug option to get more log output.
> Run with --scan to get full insights.
> Get more help at https://help.gradle.org.

Deprecated Gradle features were used in this build, making it incompatible with Gradle 9.0.

You can use '--warning-mode all' to show the individual deprecation warnings and determine if they come from your own scripts or plugins.

For more on this, please refer to https://docs.gradle.org/8.9/userguide/command_line_interface.html#sec:command_line_warnings in the Gradle documentation.

BUILD FAILED in 46s
19 actionable tasks: 19 executed
GRADLE_EXIT=1
== 判据：数 <testcase> 元素（不看退出码）==
RED  没有测试报告（C:/Users/cwx/AppData/Local/Temp/aicabinet-android-stop/app/build/test-results/testMockDebugUnitTest）⇒ 用例根本没执行
