== 0. 前置：迁移文件存在 ==
OK services/trade-service/src/main/resources/db/migration/V283__member_level_min_recharge.sql

== 1. 执行前状态 ==
rows|0
has_min_recharge|0

== 2. 第 1 次应用 ==
ALTER TABLE
COMMENT
INSERT 0 4
UPDATE 1
UPDATE 1
UPDATE 1
UPDATE 1
exit=0

== 3. 中间态 ==
NORMAL|0.00|1000.00|0.00|1|ACTIVE
SILVER|1000.00|5000.00|500.00|2|ACTIVE
GOLD|5000.00|10000.00|2000.00|3|ACTIVE
PLATINUM|10000.00||5000.00|4|ACTIVE

== 4. 第 2 次应用（幂等性）==
NOTICE:  column "min_recharge" of relation "member_level_rule" already exists, skipping
ALTER TABLE
COMMENT
INSERT 0 0
UPDATE 0
UPDATE 0
UPDATE 0
UPDATE 0
exit=0

== 5. 最终态（应与中间态逐字段一致）==
NORMAL|0.00|1000.00|0.00|1|ACTIVE
SILVER|1000.00|5000.00|500.00|2|ACTIVE
GOLD|5000.00|10000.00|2000.00|3|ACTIVE
PLATINUM|10000.00||5000.00|4|ACTIVE

== 6. 幂等性判据：行数仍为 4、min_recharge 无 null ==
rows|4
null_min_recharge|0
