[WARNING] 
[WARNING] Some problems were encountered while building the effective settings
[WARNING] Unrecognised tag: 'repositories' (position: START_TAG seen ...</profile>\n    -->\n\t\n<repositories>... @232:15)  @ D:\devTools\apache-maven-3.9.11\conf\settings.xml, line 232, column 15
[WARNING] 
[INFO] Scanning for projects...
[INFO] 
[INFO] --------------------< com.aicabinet:trade-service >---------------------
[INFO] Building trade-service 0.1.0-SNAPSHOT
[INFO]   from pom.xml
[INFO] --------------------------------[ jar ]---------------------------------
[INFO] 
[INFO] --- frontend:1.15.1:install-node-and-npm (install-node-and-npm) @ trade-service ---
[INFO] Skipping execution.
[INFO] 
[INFO] --- frontend:1.15.1:npm (npm-install-admin) @ trade-service ---
[INFO] Skipping execution.
[INFO] 
[INFO] --- frontend:1.15.1:npm (npm-build-admin) @ trade-service ---
[INFO] Skipping execution.
[INFO] 
[INFO] --- resources:3.3.1:resources (default-resources) @ trade-service ---
